

================================================================
== Vitis HLS Report for 'CreateBitMask'
================================================================
* Date:           Wed Nov  2 23:07:46 2022

* Version:        2021.1 (Build 3247384 on Thu Jun 10 19:36:07 MDT 2021)
* Project:        fc_layer
* Solution:       solution1 (Vivado IP Flow Target)
* Product family: virtexuplus
* Target device:  xcvu11p-flga2577-1-e


================================================================
== Performance Estimates
================================================================
+ Timing: 
    * Summary: 
    +--------+----------+----------+------------+
    |  Clock |  Target  | Estimated| Uncertainty|
    +--------+----------+----------+------------+
    |ap_clk  |  10.00 ns|  6.257 ns|     2.70 ns|
    +--------+----------+----------+------------+

+ Latency: 
    * Summary: 
    +---------+---------+----------+----------+-----+-----+---------+
    |  Latency (cycles) |  Latency (absolute) |  Interval | Pipeline|
    |   min   |   max   |    min   |    max   | min | max |   Type  |
    +---------+---------+----------+----------+-----+-----+---------+
    |        ?|        ?|         ?|         ?|    ?|    ?|       no|
    +---------+---------+----------+----------+-----+-----+---------+

    + Detail: 
        * Instance: 
        +---------------------------------------------------------------------+----------------------------------------------------------+---------+---------+----------+----------+-----+-----+---------+
        |                                                                     |                                                          |  Latency (cycles) |  Latency (absolute) |  Interval | Pipeline|
        |                               Instance                              |                          Module                          |   min   |   max   |    min   |    max   | min | max |   Type  |
        +---------------------------------------------------------------------+----------------------------------------------------------+---------+---------+----------+----------+-----+-----+---------+
        |grp_CreateBitMask_Pipeline_VITIS_LOOP_230_2_fu_114                   |CreateBitMask_Pipeline_VITIS_LOOP_230_2                   |        ?|        ?|         ?|         ?|    ?|    ?|       no|
        |grp_CreateBitMask_Pipeline_VITIS_LOOP_237_3_VITIS_LOOP_241_4_fu_183  |CreateBitMask_Pipeline_VITIS_LOOP_237_3_VITIS_LOOP_241_4  |      642|      642|  6.420 us|  6.420 us|  642|  642|       no|
        +---------------------------------------------------------------------+----------------------------------------------------------+---------+---------+----------+----------+-----+-----+---------+

        * Loop: 
        +--------------------+---------+---------+----------+-----------+-----------+------+----------+
        |                    |  Latency (cycles) | Iteration|  Initiation Interval  | Trip |          |
        |      Loop Name     |   min   |   max   |  Latency |  achieved |   target  | Count| Pipelined|
        +--------------------+---------+---------+----------+-----------+-----------+------+----------+
        |- VITIS_LOOP_229_1  |        ?|        ?|         ?|          -|          -|    32|        no|
        +--------------------+---------+---------+----------+-----------+-----------+------+----------+



================================================================
== Utilization Estimates
================================================================
* Summary: 
+---------------------+---------+------+---------+---------+-----+
|         Name        | BRAM_18K|  DSP |    FF   |   LUT   | URAM|
+---------------------+---------+------+---------+---------+-----+
|DSP                  |        -|     -|        -|        -|    -|
|Expression           |        -|     -|        0|       23|    -|
|FIFO                 |        -|     -|        -|        -|    -|
|Instance             |        -|     -|      705|    12019|    -|
|Memory               |        -|     -|        -|        -|    -|
|Multiplexer          |        -|     -|        -|      483|    -|
|Register             |        -|     -|       17|        -|    -|
+---------------------+---------+------+---------+---------+-----+
|Total                |        0|     0|      722|    12525|    0|
+---------------------+---------+------+---------+---------+-----+
|Available SLR        |     1344|  3072|   864000|   432000|  320|
+---------------------+---------+------+---------+---------+-----+
|Utilization SLR (%)  |        0|     0|       ~0|        2|    0|
+---------------------+---------+------+---------+---------+-----+
|Available            |     4032|  9216|  2592000|  1296000|  960|
+---------------------+---------+------+---------+---------+-----+
|Utilization (%)      |        0|     0|       ~0|       ~0|    0|
+---------------------+---------+------+---------+---------+-----+

+ Detail: 
    * Instance: 
    +---------------------------------------------------------------------+----------------------------------------------------------+---------+----+-----+-------+-----+
    |                               Instance                              |                          Module                          | BRAM_18K| DSP|  FF |  LUT  | URAM|
    +---------------------------------------------------------------------+----------------------------------------------------------+---------+----+-----+-------+-----+
    |grp_CreateBitMask_Pipeline_VITIS_LOOP_230_2_fu_114                   |CreateBitMask_Pipeline_VITIS_LOOP_230_2                   |        0|   0|    2|    223|    0|
    |grp_CreateBitMask_Pipeline_VITIS_LOOP_237_3_VITIS_LOOP_241_4_fu_183  |CreateBitMask_Pipeline_VITIS_LOOP_237_3_VITIS_LOOP_241_4  |        0|   0|  703|  11796|    0|
    +---------------------------------------------------------------------+----------------------------------------------------------+---------+----+-----+-------+-----+
    |Total                                                                |                                                          |        0|   0|  705|  12019|    0|
    +---------------------------------------------------------------------+----------------------------------------------------------+---------+----+-----+-------+-----+

    * DSP: 
    N/A

    * Memory: 
    N/A

    * FIFO: 
    N/A

    * Expression: 
    +----------------------+----------+----+---+----+------------+------------+
    |     Variable Name    | Operation| DSP| FF| LUT| Bitwidth P0| Bitwidth P1|
    +----------------------+----------+----+---+----+------------+------------+
    |add_ln229_fu_269_p2   |         +|   0|  0|  13|           6|           1|
    |icmp_ln229_fu_263_p2  |      icmp|   0|  0|  10|           6|           7|
    +----------------------+----------+----+---+----+------------+------------+
    |Total                 |          |   0|  0|  23|          12|           8|
    +----------------------+----------+----+---+----+------------+------------+

    * Multiplexer: 
    +-------------------------------+----+-----------+-----+-----------+
    |              Name             | LUT| Input Size| Bits| Total Bits|
    +-------------------------------+----+-----------+-----+-----------+
    |ap_NS_fsm                      |  26|          5|    1|          5|
    |i_fu_110                       |   9|          2|    6|         12|
    |weights_stream_0_0_0_010_read  |  14|          3|    1|          3|
    |weights_stream_0_0_0_011_read  |  14|          3|    1|          3|
    |weights_stream_0_0_0_012_read  |  14|          3|    1|          3|
    |weights_stream_0_0_0_013_read  |  14|          3|    1|          3|
    |weights_stream_0_0_0_014_read  |  14|          3|    1|          3|
    |weights_stream_0_0_0_015_read  |  14|          3|    1|          3|
    |weights_stream_0_0_0_016_read  |  14|          3|    1|          3|
    |weights_stream_0_0_0_017_read  |  14|          3|    1|          3|
    |weights_stream_0_0_0_018_read  |  14|          3|    1|          3|
    |weights_stream_0_0_0_019_read  |  14|          3|    1|          3|
    |weights_stream_0_0_0_01_read   |  14|          3|    1|          3|
    |weights_stream_0_0_0_020_read  |  14|          3|    1|          3|
    |weights_stream_0_0_0_021_read  |  14|          3|    1|          3|
    |weights_stream_0_0_0_022_read  |  14|          3|    1|          3|
    |weights_stream_0_0_0_023_read  |  14|          3|    1|          3|
    |weights_stream_0_0_0_024_read  |  14|          3|    1|          3|
    |weights_stream_0_0_0_025_read  |  14|          3|    1|          3|
    |weights_stream_0_0_0_026_read  |  14|          3|    1|          3|
    |weights_stream_0_0_0_027_read  |  14|          3|    1|          3|
    |weights_stream_0_0_0_028_read  |  14|          3|    1|          3|
    |weights_stream_0_0_0_029_read  |  14|          3|    1|          3|
    |weights_stream_0_0_0_02_read   |  14|          3|    1|          3|
    |weights_stream_0_0_0_030_read  |  14|          3|    1|          3|
    |weights_stream_0_0_0_031_read  |  14|          3|    1|          3|
    |weights_stream_0_0_0_03_read   |  14|          3|    1|          3|
    |weights_stream_0_0_0_04_read   |  14|          3|    1|          3|
    |weights_stream_0_0_0_05_read   |  14|          3|    1|          3|
    |weights_stream_0_0_0_06_read   |  14|          3|    1|          3|
    |weights_stream_0_0_0_07_read   |  14|          3|    1|          3|
    |weights_stream_0_0_0_08_read   |  14|          3|    1|          3|
    |weights_stream_0_0_0_09_read   |  14|          3|    1|          3|
    |weights_stream_0_0_0_0_read    |  14|          3|    1|          3|
    +-------------------------------+----+-----------+-----+-----------+
    |Total                          | 483|        103|   39|        113|
    +-------------------------------+----+-----------+-----+-----------+

    * Register: 
    +----------------------------------------------------------------------------------+---+----+-----+-----------+
    |                                       Name                                       | FF| LUT| Bits| Const Bits|
    +----------------------------------------------------------------------------------+---+----+-----+-----------+
    |ap_CS_fsm                                                                         |  4|   0|    4|          0|
    |empty_304_reg_295                                                                 |  5|   0|    5|          0|
    |grp_CreateBitMask_Pipeline_VITIS_LOOP_230_2_fu_114_ap_start_reg                   |  1|   0|    1|          0|
    |grp_CreateBitMask_Pipeline_VITIS_LOOP_237_3_VITIS_LOOP_241_4_fu_183_ap_start_reg  |  1|   0|    1|          0|
    |i_fu_110                                                                          |  6|   0|    6|          0|
    +----------------------------------------------------------------------------------+---+----+-----+-----------+
    |Total                                                                             | 17|   0|   17|          0|
    +----------------------------------------------------------------------------------+---+----+-----+-----------+



================================================================
== Interface
================================================================
* Summary: 
+----------------------------------+-----+-----+------------+--------------------------+--------------+
|             RTL Ports            | Dir | Bits|  Protocol  |       Source Object      |    C Type    |
+----------------------------------+-----+-----+------------+--------------------------+--------------+
|ap_clk                            |   in|    1|  ap_ctrl_hs|             CreateBitMask|  return value|
|ap_rst                            |   in|    1|  ap_ctrl_hs|             CreateBitMask|  return value|
|ap_start                          |   in|    1|  ap_ctrl_hs|             CreateBitMask|  return value|
|ap_done                           |  out|    1|  ap_ctrl_hs|             CreateBitMask|  return value|
|ap_idle                           |  out|    1|  ap_ctrl_hs|             CreateBitMask|  return value|
|ap_ready                          |  out|    1|  ap_ctrl_hs|             CreateBitMask|  return value|
|weights_stream_0_0_0_0_dout       |   in|   32|     ap_fifo|    weights_stream_0_0_0_0|       pointer|
|weights_stream_0_0_0_0_empty_n    |   in|    1|     ap_fifo|    weights_stream_0_0_0_0|       pointer|
|weights_stream_0_0_0_0_read       |  out|    1|     ap_fifo|    weights_stream_0_0_0_0|       pointer|
|weights_stream_0_0_0_01_dout      |   in|   32|     ap_fifo|   weights_stream_0_0_0_01|       pointer|
|weights_stream_0_0_0_01_empty_n   |   in|    1|     ap_fifo|   weights_stream_0_0_0_01|       pointer|
|weights_stream_0_0_0_01_read      |  out|    1|     ap_fifo|   weights_stream_0_0_0_01|       pointer|
|weights_stream_0_0_0_02_dout      |   in|   32|     ap_fifo|   weights_stream_0_0_0_02|       pointer|
|weights_stream_0_0_0_02_empty_n   |   in|    1|     ap_fifo|   weights_stream_0_0_0_02|       pointer|
|weights_stream_0_0_0_02_read      |  out|    1|     ap_fifo|   weights_stream_0_0_0_02|       pointer|
|weights_stream_0_0_0_03_dout      |   in|   32|     ap_fifo|   weights_stream_0_0_0_03|       pointer|
|weights_stream_0_0_0_03_empty_n   |   in|    1|     ap_fifo|   weights_stream_0_0_0_03|       pointer|
|weights_stream_0_0_0_03_read      |  out|    1|     ap_fifo|   weights_stream_0_0_0_03|       pointer|
|weights_stream_0_0_0_04_dout      |   in|   32|     ap_fifo|   weights_stream_0_0_0_04|       pointer|
|weights_stream_0_0_0_04_empty_n   |   in|    1|     ap_fifo|   weights_stream_0_0_0_04|       pointer|
|weights_stream_0_0_0_04_read      |  out|    1|     ap_fifo|   weights_stream_0_0_0_04|       pointer|
|weights_stream_0_0_0_05_dout      |   in|   32|     ap_fifo|   weights_stream_0_0_0_05|       pointer|
|weights_stream_0_0_0_05_empty_n   |   in|    1|     ap_fifo|   weights_stream_0_0_0_05|       pointer|
|weights_stream_0_0_0_05_read      |  out|    1|     ap_fifo|   weights_stream_0_0_0_05|       pointer|
|weights_stream_0_0_0_06_dout      |   in|   32|     ap_fifo|   weights_stream_0_0_0_06|       pointer|
|weights_stream_0_0_0_06_empty_n   |   in|    1|     ap_fifo|   weights_stream_0_0_0_06|       pointer|
|weights_stream_0_0_0_06_read      |  out|    1|     ap_fifo|   weights_stream_0_0_0_06|       pointer|
|weights_stream_0_0_0_07_dout      |   in|   32|     ap_fifo|   weights_stream_0_0_0_07|       pointer|
|weights_stream_0_0_0_07_empty_n   |   in|    1|     ap_fifo|   weights_stream_0_0_0_07|       pointer|
|weights_stream_0_0_0_07_read      |  out|    1|     ap_fifo|   weights_stream_0_0_0_07|       pointer|
|weights_stream_0_0_0_08_dout      |   in|   32|     ap_fifo|   weights_stream_0_0_0_08|       pointer|
|weights_stream_0_0_0_08_empty_n   |   in|    1|     ap_fifo|   weights_stream_0_0_0_08|       pointer|
|weights_stream_0_0_0_08_read      |  out|    1|     ap_fifo|   weights_stream_0_0_0_08|       pointer|
|weights_stream_0_0_0_09_dout      |   in|   32|     ap_fifo|   weights_stream_0_0_0_09|       pointer|
|weights_stream_0_0_0_09_empty_n   |   in|    1|     ap_fifo|   weights_stream_0_0_0_09|       pointer|
|weights_stream_0_0_0_09_read      |  out|    1|     ap_fifo|   weights_stream_0_0_0_09|       pointer|
|weights_stream_0_0_0_010_dout     |   in|   32|     ap_fifo|  weights_stream_0_0_0_010|       pointer|
|weights_stream_0_0_0_010_empty_n  |   in|    1|     ap_fifo|  weights_stream_0_0_0_010|       pointer|
|weights_stream_0_0_0_010_read     |  out|    1|     ap_fifo|  weights_stream_0_0_0_010|       pointer|
|weights_stream_0_0_0_011_dout     |   in|   32|     ap_fifo|  weights_stream_0_0_0_011|       pointer|
|weights_stream_0_0_0_011_empty_n  |   in|    1|     ap_fifo|  weights_stream_0_0_0_011|       pointer|
|weights_stream_0_0_0_011_read     |  out|    1|     ap_fifo|  weights_stream_0_0_0_011|       pointer|
|weights_stream_0_0_0_012_dout     |   in|   32|     ap_fifo|  weights_stream_0_0_0_012|       pointer|
|weights_stream_0_0_0_012_empty_n  |   in|    1|     ap_fifo|  weights_stream_0_0_0_012|       pointer|
|weights_stream_0_0_0_012_read     |  out|    1|     ap_fifo|  weights_stream_0_0_0_012|       pointer|
|weights_stream_0_0_0_013_dout     |   in|   32|     ap_fifo|  weights_stream_0_0_0_013|       pointer|
|weights_stream_0_0_0_013_empty_n  |   in|    1|     ap_fifo|  weights_stream_0_0_0_013|       pointer|
|weights_stream_0_0_0_013_read     |  out|    1|     ap_fifo|  weights_stream_0_0_0_013|       pointer|
|weights_stream_0_0_0_014_dout     |   in|   32|     ap_fifo|  weights_stream_0_0_0_014|       pointer|
|weights_stream_0_0_0_014_empty_n  |   in|    1|     ap_fifo|  weights_stream_0_0_0_014|       pointer|
|weights_stream_0_0_0_014_read     |  out|    1|     ap_fifo|  weights_stream_0_0_0_014|       pointer|
|weights_stream_0_0_0_015_dout     |   in|   32|     ap_fifo|  weights_stream_0_0_0_015|       pointer|
|weights_stream_0_0_0_015_empty_n  |   in|    1|     ap_fifo|  weights_stream_0_0_0_015|       pointer|
|weights_stream_0_0_0_015_read     |  out|    1|     ap_fifo|  weights_stream_0_0_0_015|       pointer|
|weights_stream_0_0_0_016_dout     |   in|   32|     ap_fifo|  weights_stream_0_0_0_016|       pointer|
|weights_stream_0_0_0_016_empty_n  |   in|    1|     ap_fifo|  weights_stream_0_0_0_016|       pointer|
|weights_stream_0_0_0_016_read     |  out|    1|     ap_fifo|  weights_stream_0_0_0_016|       pointer|
|weights_stream_0_0_0_017_dout     |   in|   32|     ap_fifo|  weights_stream_0_0_0_017|       pointer|
|weights_stream_0_0_0_017_empty_n  |   in|    1|     ap_fifo|  weights_stream_0_0_0_017|       pointer|
|weights_stream_0_0_0_017_read     |  out|    1|     ap_fifo|  weights_stream_0_0_0_017|       pointer|
|weights_stream_0_0_0_018_dout     |   in|   32|     ap_fifo|  weights_stream_0_0_0_018|       pointer|
|weights_stream_0_0_0_018_empty_n  |   in|    1|     ap_fifo|  weights_stream_0_0_0_018|       pointer|
|weights_stream_0_0_0_018_read     |  out|    1|     ap_fifo|  weights_stream_0_0_0_018|       pointer|
|weights_stream_0_0_0_019_dout     |   in|   32|     ap_fifo|  weights_stream_0_0_0_019|       pointer|
|weights_stream_0_0_0_019_empty_n  |   in|    1|     ap_fifo|  weights_stream_0_0_0_019|       pointer|
|weights_stream_0_0_0_019_read     |  out|    1|     ap_fifo|  weights_stream_0_0_0_019|       pointer|
|weights_stream_0_0_0_020_dout     |   in|   32|     ap_fifo|  weights_stream_0_0_0_020|       pointer|
|weights_stream_0_0_0_020_empty_n  |   in|    1|     ap_fifo|  weights_stream_0_0_0_020|       pointer|
|weights_stream_0_0_0_020_read     |  out|    1|     ap_fifo|  weights_stream_0_0_0_020|       pointer|
|weights_stream_0_0_0_021_dout     |   in|   32|     ap_fifo|  weights_stream_0_0_0_021|       pointer|
|weights_stream_0_0_0_021_empty_n  |   in|    1|     ap_fifo|  weights_stream_0_0_0_021|       pointer|
|weights_stream_0_0_0_021_read     |  out|    1|     ap_fifo|  weights_stream_0_0_0_021|       pointer|
|weights_stream_0_0_0_022_dout     |   in|   32|     ap_fifo|  weights_stream_0_0_0_022|       pointer|
|weights_stream_0_0_0_022_empty_n  |   in|    1|     ap_fifo|  weights_stream_0_0_0_022|       pointer|
|weights_stream_0_0_0_022_read     |  out|    1|     ap_fifo|  weights_stream_0_0_0_022|       pointer|
|weights_stream_0_0_0_023_dout     |   in|   32|     ap_fifo|  weights_stream_0_0_0_023|       pointer|
|weights_stream_0_0_0_023_empty_n  |   in|    1|     ap_fifo|  weights_stream_0_0_0_023|       pointer|
|weights_stream_0_0_0_023_read     |  out|    1|     ap_fifo|  weights_stream_0_0_0_023|       pointer|
|weights_stream_0_0_0_024_dout     |   in|   32|     ap_fifo|  weights_stream_0_0_0_024|       pointer|
|weights_stream_0_0_0_024_empty_n  |   in|    1|     ap_fifo|  weights_stream_0_0_0_024|       pointer|
|weights_stream_0_0_0_024_read     |  out|    1|     ap_fifo|  weights_stream_0_0_0_024|       pointer|
|weights_stream_0_0_0_025_dout     |   in|   32|     ap_fifo|  weights_stream_0_0_0_025|       pointer|
|weights_stream_0_0_0_025_empty_n  |   in|    1|     ap_fifo|  weights_stream_0_0_0_025|       pointer|
|weights_stream_0_0_0_025_read     |  out|    1|     ap_fifo|  weights_stream_0_0_0_025|       pointer|
|weights_stream_0_0_0_026_dout     |   in|   32|     ap_fifo|  weights_stream_0_0_0_026|       pointer|
|weights_stream_0_0_0_026_empty_n  |   in|    1|     ap_fifo|  weights_stream_0_0_0_026|       pointer|
|weights_stream_0_0_0_026_read     |  out|    1|     ap_fifo|  weights_stream_0_0_0_026|       pointer|
|weights_stream_0_0_0_027_dout     |   in|   32|     ap_fifo|  weights_stream_0_0_0_027|       pointer|
|weights_stream_0_0_0_027_empty_n  |   in|    1|     ap_fifo|  weights_stream_0_0_0_027|       pointer|
|weights_stream_0_0_0_027_read     |  out|    1|     ap_fifo|  weights_stream_0_0_0_027|       pointer|
|weights_stream_0_0_0_028_dout     |   in|   32|     ap_fifo|  weights_stream_0_0_0_028|       pointer|
|weights_stream_0_0_0_028_empty_n  |   in|    1|     ap_fifo|  weights_stream_0_0_0_028|       pointer|
|weights_stream_0_0_0_028_read     |  out|    1|     ap_fifo|  weights_stream_0_0_0_028|       pointer|
|weights_stream_0_0_0_029_dout     |   in|   32|     ap_fifo|  weights_stream_0_0_0_029|       pointer|
|weights_stream_0_0_0_029_empty_n  |   in|    1|     ap_fifo|  weights_stream_0_0_0_029|       pointer|
|weights_stream_0_0_0_029_read     |  out|    1|     ap_fifo|  weights_stream_0_0_0_029|       pointer|
|weights_stream_0_0_0_030_dout     |   in|   32|     ap_fifo|  weights_stream_0_0_0_030|       pointer|
|weights_stream_0_0_0_030_empty_n  |   in|    1|     ap_fifo|  weights_stream_0_0_0_030|       pointer|
|weights_stream_0_0_0_030_read     |  out|    1|     ap_fifo|  weights_stream_0_0_0_030|       pointer|
|weights_stream_0_0_0_031_dout     |   in|   32|     ap_fifo|  weights_stream_0_0_0_031|       pointer|
|weights_stream_0_0_0_031_empty_n  |   in|    1|     ap_fifo|  weights_stream_0_0_0_031|       pointer|
|weights_stream_0_0_0_031_read     |  out|    1|     ap_fifo|  weights_stream_0_0_0_031|       pointer|
|processing_buffer_address0        |  out|    5|   ap_memory|         processing_buffer|         array|
|processing_buffer_ce0             |  out|    1|   ap_memory|         processing_buffer|         array|
|processing_buffer_we0             |  out|    1|   ap_memory|         processing_buffer|         array|
|processing_buffer_d0              |  out|  640|   ap_memory|         processing_buffer|         array|
|bit_buffer_weights_address0       |  out|    5|   ap_memory|        bit_buffer_weights|         array|
|bit_buffer_weights_ce0            |  out|    1|   ap_memory|        bit_buffer_weights|         array|
|bit_buffer_weights_we0            |  out|    1|   ap_memory|        bit_buffer_weights|         array|
|bit_buffer_weights_d0             |  out|   20|   ap_memory|        bit_buffer_weights|         array|
+----------------------------------+-----+-----+------------+--------------------------+--------------+

